src/components/funnel/FunnelStep1Services.tsx(37,22): error TS18048: 'service.details' is possibly 'undefined'.
src/components/InteractiveMap.tsx(5,15): error TS7016: Could not find a declaration file for module 'leaflet'. 'C:/Users/mexic/Desktop/tidy-fix-new/node_modules/leaflet/dist/leaflet-src.js' implicitly has an 'any' type.
  Try `npm i --save-dev @types/leaflet` if it exists or add a new declaration (.d.ts) file containing `declare module 'leaflet';`
src/components/InteractiveMap.tsx(26,21): error TS2322: Type '{ children: (Element | Element[])[]; center: [number, number]; zoom: number; scrollWheelZoom: boolean; style: { height: string; width: string; }; }' is not assignable to type 'IntrinsicAttributes & MapContainerProps & RefAttributes<LeafletMap>'.
  Property 'center' does not exist on type 'IntrinsicAttributes & MapContainerProps & RefAttributes<LeafletMap>'.
src/components/InteractiveMap.tsx(28,11): error TS2322: Type '{ attribution: string; url: string; }' is not assignable to type 'IntrinsicAttributes & TileLayerProps & RefAttributes<LeafletTileLayer>'.
  Property 'attribution' does not exist on type 'IntrinsicAttributes & TileLayerProps & RefAttributes<LeafletTileLayer>'.
src/components/InteractiveMap.tsx(32,67): error TS2322: Type '{ children: Element; key: string; position: number[]; icon: any; }' is not assignable to type 'IntrinsicAttributes & MarkerProps & RefAttributes<LeafletMarker<any>>'.
  Property 'icon' does not exist on type 'IntrinsicAttributes & MarkerProps & RefAttributes<LeafletMarker<any>>'.
src/pages/LocationServicePage.tsx(74,68): error TS2322: Type 'string | undefined' is not assignable to type 'string'.
  Type 'undefined' is not assignable to type 'string'.
src/pages/LocationServicePage.tsx(78,34): error TS2322: Type 'string | undefined' is not assignable to type 'string'.
  Type 'undefined' is not assignable to type 'string'.
src/pages/NeighborhoodServicePage.tsx(64,68): error TS2322: Type 'string | undefined' is not assignable to type 'string'.
  Type 'undefined' is not assignable to type 'string'.
src/pages/NeighborhoodServicePage.tsx(68,34): error TS2322: Type 'string | undefined' is not assignable to type 'string'.
  Type 'undefined' is not assignable to type 'string'.
